Archive member included to satisfy reference by file (symbol)

/opt/st/stm32cubeide_1.6.1/plugins/com.st.stm32cube.ide.mcu.externaltools.gnu-tools-for-stm32.9-2020-q2-update.linux64_1.5.0.202011040924/tools/bin/../lib/gcc/arm-none-eabi/9.3.1/../../../../arm-none-eabi/lib/thumb/v7-m/nofp/libc_nano.a(lib_a-errno.o)
                              Core/Src/syscalls.o (__errno)
/opt/st/stm32cubeide_1.6.1/plugins/com.st.stm32cube.ide.mcu.externaltools.gnu-tools-for-stm32.9-2020-q2-update.linux64_1.5.0.202011040924/tools/bin/../lib/gcc/arm-none-eabi/9.3.1/../../../../arm-none-eabi/lib/thumb/v7-m/nofp/libc_nano.a(lib_a-exit.o)
                              /opt/st/stm32cubeide_1.6.1/plugins/com.st.stm32cube.ide.mcu.externaltools.gnu-tools-for-stm32.9-2020-q2-update.linux64_1.5.0.202011040924/tools/bin/../lib/gcc/arm-none-eabi/9.3.1/../../../../arm-none-eabi/lib/thumb/v7-m/nofp/crt0.o (exit)
/opt/st/stm32cubeide_1.6.1/plugins/com.st.stm32cube.ide.mcu.externaltools.gnu-tools-for-stm32.9-2020-q2-update.linux64_1.5.0.202011040924/tools/bin/../lib/gcc/arm-none-eabi/9.3.1/../../../../arm-none-eabi/lib/thumb/v7-m/nofp/libc_nano.a(lib_a-impure.o)
                              /opt/st/stm32cubeide_1.6.1/plugins/com.st.stm32cube.ide.mcu.externaltools.gnu-tools-for-stm32.9-2020-q2-update.linux64_1.5.0.202011040924/tools/bin/../lib/gcc/arm-none-eabi/9.3.1/../../../../arm-none-eabi/lib/thumb/v7-m/nofp/libc_nano.a(lib_a-exit.o) (_global_impure_ptr)
/opt/st/stm32cubeide_1.6.1/plugins/com.st.stm32cube.ide.mcu.externaltools.gnu-tools-for-stm32.9-2020-q2-update.linux64_1.5.0.202011040924/tools/bin/../lib/gcc/arm-none-eabi/9.3.1/../../../../arm-none-eabi/lib/thumb/v7-m/nofp/libc_nano.a(lib_a-init.o)
                              /opt/st/stm32cubeide_1.6.1/plugins/com.st.stm32cube.ide.mcu.externaltools.gnu-tools-for-stm32.9-2020-q2-update.linux64_1.5.0.202011040924/tools/bin/../lib/gcc/arm-none-eabi/9.3.1/../../../../arm-none-eabi/lib/thumb/v7-m/nofp/crt0.o (__libc_init_array)
/opt/st/stm32cubeide_1.6.1/plugins/com.st.stm32cube.ide.mcu.externaltools.gnu-tools-for-stm32.9-2020-q2-update.linux64_1.5.0.202011040924/tools/bin/../lib/gcc/arm-none-eabi/9.3.1/../../../../arm-none-eabi/lib/thumb/v7-m/nofp/libc_nano.a(lib_a-memcpy-stub.o)
                              Core/Src/main.o (memcpy)
/opt/st/stm32cubeide_1.6.1/plugins/com.st.stm32cube.ide.mcu.externaltools.gnu-tools-for-stm32.9-2020-q2-update.linux64_1.5.0.202011040924/tools/bin/../lib/gcc/arm-none-eabi/9.3.1/../../../../arm-none-eabi/lib/thumb/v7-m/nofp/libc_nano.a(lib_a-memset.o)
                              /opt/st/stm32cubeide_1.6.1/plugins/com.st.stm32cube.ide.mcu.externaltools.gnu-tools-for-stm32.9-2020-q2-update.linux64_1.5.0.202011040924/tools/bin/../lib/gcc/arm-none-eabi/9.3.1/../../../../arm-none-eabi/lib/thumb/v7-m/nofp/crt0.o (memset)

Allocating common symbols
Common symbol       size              file

uwTick              0x4               Drivers/STM32F1xx_HAL_Driver/Src/stm32f1xx_hal.o
xQueueRegistry      0x40              Middlewares/Third_Party/FreeRTOS/Source/queue.o
pFlash              0x20              Drivers/STM32F1xx_HAL_Driver/Src/stm32f1xx_hal_flash.o

Discarded input sections

 .text          0x0000000000000000        0x0 /opt/st/stm32cubeide_1.6.1/plugins/com.st.stm32cube.ide.mcu.externaltools.gnu-tools-for-stm32.9-2020-q2-update.linux64_1.5.0.202011040924/tools/bin/../lib/gcc/arm-none-eabi/9.3.1/thumb/v7-m/nofp/crti.o
 .data          0x0000000000000000        0x0 /opt/st/stm32cubeide_1.6.1/plugins/com.st.stm32cube.ide.mcu.externaltools.gnu-tools-for-stm32.9-2020-q2-update.linux64_1.5.0.202011040924/tools/bin/../lib/gcc/arm-none-eabi/9.3.1/thumb/v7-m/nofp/crti.o
 .bss           0x0000000000000000        0x0 /opt/st/stm32cubeide_1.6.1/plugins/com.st.stm32cube.ide.mcu.externaltools.gnu-tools-for-stm32.9-2020-q2-update.linux64_1.5.0.202011040924/tools/bin/../lib/gcc/arm-none-eabi/9.3.1/thumb/v7-m/nofp/crti.o
 .data          0x0000000000000000        0x4 /opt/st/stm32cubeide_1.6.1/plugins/com.st.stm32cube.ide.mcu.externaltools.gnu-tools-for-stm32.9-2020-q2-update.linux64_1.5.0.202011040924/tools/bin/../lib/gcc/arm-none-eabi/9.3.1/thumb/v7-m/nofp/crtbegin.o
 .text          0x0000000000000000       0x7c /opt/st/stm32cubeide_1.6.1/plugins/com.st.stm32cube.ide.mcu.externaltools.gnu-tools-for-stm32.9-2020-q2-update.linux64_1.5.0.202011040924/tools/bin/../lib/gcc/arm-none-eabi/9.3.1/../../../../arm-none-eabi/lib/thumb/v7-m/nofp/crt0.o
 .data          0x0000000000000000        0x0 /opt/st/stm32cubeide_1.6.1/plugins/com.st.stm32cube.ide.mcu.externaltools.gnu-tools-for-stm32.9-2020-q2-update.linux64_1.5.0.202011040924/tools/bin/../lib/gcc/arm-none-eabi/9.3.1/../../../../arm-none-eabi/lib/thumb/v7-m/nofp/crt0.o
[...]
Memory Configuration

Name             Origin             Length             Attributes
RAM              0x0000000020000000 0x0000000000005000 xrw
FLASH            0x0000000008000000 0x0000000000010000 xr
*default*        0x0000000000000000 0xffffffffffffffff

Linker script and memory map

LOAD /opt/st/stm32cubeide_1.6.1/plugins/com.st.stm32cube.ide.mcu.externaltools.gnu-tools-for-stm32.9-2020-q2-update.linux64_1.5.0.202011040924/tools/bin/../lib/gcc/arm-none-eabi/9.3.1/thumb/v7-m/nofp/crti.o
LOAD /opt/st/stm32cubeide_1.6.1/plugins/com.st.stm32cube.ide.mcu.externaltools.gnu-tools-for-stm32.9-2020-q2-update.linux64_1.5.0.202011040924/tools/bin/../lib/gcc/arm-none-eabi/9.3.1/thumb/v7-m/nofp/crtbegin.o
LOAD /opt/st/stm32cubeide_1.6.1/plugins/com.st.stm32cube.ide.mcu.externaltools.gnu-tools-for-stm32.9-2020-q2-update.linux64_1.5.0.202011040924/tools/bin/../lib/gcc/arm-none-eabi/9.3.1/../../../../arm-none-eabi/lib/thumb/v7-m/nofp/crt0.o
LOAD Core/BLE/BLE.o
LOAD Core/LED/LED.o
LOAD Core/Src/freertos.o
LOAD Core/Src/main.o
LOAD Core/Src/stm32f1xx_hal_msp.o
LOAD Core/Src/stm32f1xx_it.o
LOAD Core/Src/syscalls.o
LOAD Core/Src/sysmem.o
LOAD Core/Src/system_stm32f1xx.o
LOAD Core/Startup/startup_stm32f103c8tx.o
LOAD Core/UART/Uartcpp.o
LOAD Drivers/STM32F1xx_HAL_Driver/Src/stm32f1xx_hal.o
LOAD Drivers/STM32F1xx_HAL_Driver/Src/stm32f1xx_hal_cortex.o
LOAD Drivers/STM32F1xx_HAL_Driver/Src/stm32f1xx_hal_dma.o
LOAD Drivers/STM32F1xx_HAL_Driver/Src/stm32f1xx_hal_exti.o
LOAD Drivers/STM32F1xx_HAL_Driver/Src/stm32f1xx_hal_flash.o
LOAD Drivers/STM32F1xx_HAL_Driver/Src/stm32f1xx_hal_flash_ex.o
LOAD Drivers/STM32F1xx_HAL_Driver/Src/stm32f1xx_hal_gpio.o
LOAD Drivers/STM32F1xx_HAL_Driver/Src/stm32f1xx_hal_gpio_ex.o
LOAD Drivers/STM32F1xx_HAL_Driver/Src/stm32f1xx_hal_pwr.o
LOAD Drivers/STM32F1xx_HAL_Driver/Src/stm32f1xx_hal_rcc.o
LOAD Drivers/STM32F1xx_HAL_Driver/Src/stm32f1xx_hal_rcc_ex.o
LOAD Drivers/STM32F1xx_HAL_Driver/Src/stm32f1xx_hal_tim.o
LOAD Drivers/STM32F1xx_HAL_Driver/Src/stm32f1xx_hal_tim_ex.o
LOAD Drivers/STM32F1xx_HAL_Driver/Src/stm32f1xx_hal_uart.o
LOAD Middlewares/Third_Party/FreeRTOS/Source/CMSIS_RTOS_V2/cmsis_os2.o
LOAD Middlewares/Third_Party/FreeRTOS/Source/croutine.o
LOAD Middlewares/Third_Party/FreeRTOS/Source/event_groups.o
LOAD Middlewares/Third_Party/FreeRTOS/Source/list.o
LOAD Middlewares/Third_Party/FreeRTOS/Source/queue.o
LOAD Middlewares/Third_Party/FreeRTOS/Source/stream_buffer.o
LOAD Middlewares/Third_Party/FreeRTOS/Source/tasks.o
LOAD Middlewares/Third_Party/FreeRTOS/Source/timers.o
LOAD Middlewares/Third_Party/FreeRTOS/Source/portable/GCC/ARM_CM3/port.o
LOAD Middlewares/Third_Party/FreeRTOS/Source/portable/MemMang/heap_4.o
START GROUP
LOAD /opt/st/stm32cubeide_1.6.1/plugins/com.st.stm32cube.ide.mcu.externaltools.gnu-tools-for-stm32.9-2020-q2-update.linux64_1.5.0.202011040924/tools/bin/../lib/gcc/arm-none-eabi/9.3.1/../../../../arm-none-eabi/lib/thumb/v7-m/nofp/libstdc++_nano.a
LOAD /opt/st/stm32cubeide_1.6.1/plugins/com.st.stm32cube.ide.mcu.externaltools.gnu-tools-for-stm32.9-2020-q2-update.linux64_1.5.0.202011040924/tools/bin/../lib/gcc/arm-none-eabi/9.3.1/../../../../arm-none-eabi/lib/thumb/v7-m/nofp/libsupc++_nano.a
END GROUP
LOAD /opt/st/stm32cubeide_1.6.1/plugins/com.st.stm32cube.ide.mcu.externaltools.gnu-tools-for-stm32.9-2020-q2-update.linux64_1.5.0.202011040924/tools/bin/../lib/gcc/arm-none-eabi/9.3.1/../../../../arm-none-eabi/lib/thumb/v7-m/nofp/libstdc++_nano.a
LOAD /opt/st/stm32cubeide_1.6.1/plugins/com.st.stm32cube.ide.mcu.externaltools.gnu-tools-for-stm32.9-2020-q2-update.linux64_1.5.0.202011040924/tools/bin/../lib/gcc/arm-none-eabi/9.3.1/../../../../arm-none-eabi/lib/thumb/v7-m/nofp/libm.a
LOAD /opt/st/stm32cubeide_1.6.1/plugins/com.st.stm32cube.ide.mcu.externaltools.gnu-tools-for-stm32.9-2020-q2-update.linux64_1.5.0.202011040924/tools/bin/../lib/gcc/arm-none-eabi/9.3.1/../../../../arm-none-eabi/lib/thumb/v7-m/nofp/libc_nano.a
START GROUP
LOAD /opt/st/stm32cubeide_1.6.1/plugins/com.st.stm32cube.ide.mcu.externaltools.gnu-tools-for-stm32.9-2020-q2-update.linux64_1.5.0.202011040924/tools/bin/../lib/gcc/arm-none-eabi/9.3.1/thumb/v7-m/nofp/libgcc.a
LOAD /opt/st/stm32cubeide_1.6.1/plugins/com.st.stm32cube.ide.mcu.externaltools.gnu-tools-for-stm32.9-2020-q2-update.linux64_1.5.0.202011040924/tools/bin/../lib/gcc/arm-none-eabi/9.3.1/../../../../arm-none-eabi/lib/thumb/v7-m/nofp/libc_nano.a
END GROUP
START GROUP
LOAD /opt/st/stm32cubeide_1.6.1/plugins/com.st.stm32cube.ide.mcu.externaltools.gnu-tools-for-stm32.9-2020-q2-update.linux64_1.5.0.202011040924/tools/bin/../lib/gcc/arm-none-eabi/9.3.1/thumb/v7-m/nofp/libgcc.a
LOAD /opt/st/stm32cubeide_1.6.1/plugins/com.st.stm32cube.ide.mcu.externaltools.gnu-tools-for-stm32.9-2020-q2-update.linux64_1.5.0.202011040924/tools/bin/../lib/gcc/arm-none-eabi/9.3.1/../../../../arm-none-eabi/lib/thumb/v7-m/nofp/libc_nano.a
LOAD /opt/st/stm32cubeide_1.6.1/plugins/com.st.stm32cube.ide.mcu.externaltools.gnu-tools-for-stm32.9-2020-q2-update.linux64_1.5.0.202011040924/tools/bin/../lib/gcc/arm-none-eabi/9.3.1/../../../../arm-none-eabi/lib/thumb/v7-m/nofp/libnosys.a
END GROUP
START GROUP
LOAD /opt/st/stm32cubeide_1.6.1/plugins/com.st.stm32cube.ide.mcu.externaltools.gnu-tools-for-stm32.9-2020-q2-update.linux64_1.5.0.202011040924/tools/bin/../lib/gcc/arm-none-eabi/9.3.1/thumb/v7-m/nofp/libgcc.a
LOAD /opt/st/stm32cubeide_1.6.1/plugins/com.st.stm32cube.ide.mcu.externaltools.gnu-tools-for-stm32.9-2020-q2-update.linux64_1.5.0.202011040924/tools/bin/../lib/gcc/arm-none-eabi/9.3.1/../../../../arm-none-eabi/lib/thumb/v7-m/nofp/libc_nano.a
LOAD /opt/st/stm32cubeide_1.6.1/plugins/com.st.stm32cube.ide.mcu.externaltools.gnu-tools-for-stm32.9-2020-q2-update.linux64_1.5.0.202011040924/tools/bin/../lib/gcc/arm-none-eabi/9.3.1/../../../../arm-none-eabi/lib/thumb/v7-m/nofp/libnosys.a
END GROUP
LOAD /opt/st/stm32cubeide_1.6.1/plugins/com.st.stm32cube.ide.mcu.externaltools.gnu-tools-for-stm32.9-2020-q2-update.linux64_1.5.0.202011040924/tools/bin/../lib/gcc/arm-none-eabi/9.3.1/thumb/v7-m/nofp/crtend.o
LOAD /opt/st/stm32cubeide_1.6.1/plugins/com.st.stm32cube.ide.mcu.externaltools.gnu-tools-for-stm32.9-2020-q2-update.linux64_1.5.0.202011040924/tools/bin/../lib/gcc/arm-none-eabi/9.3.1/thumb/v7-m/nofp/crtn.o
                0x0000000020005000                _estack = (ORIGIN (RAM) + LENGTH (RAM))
                0x0000000000000200                _Min_Heap_Size = 0x200
                0x0000000000000400                _Min_Stack_Size = 0x400

.isr_vector     0x0000000008000000      0x10c
                0x0000000008000000                . = ALIGN (0x4)
 *(.isr_vector)
 .isr_vector    0x0000000008000000      0x10c Core/Startup/startup_stm32f103c8tx.o
                0x0000000008000000                g_pfnVectors
                0x000000000800010c                . = ALIGN (0x4)

.text           0x0000000008000110     0x1bb8
                0x0000000008000110                . = ALIGN (0x4)
 *(.text)
 .text          0x0000000008000110       0x40 /opt/st/stm32cubeide_1.6.1/plugins/com.st.stm32cube.ide.mcu.externaltools.gnu-tools-for-stm32.9-2020-q2-update.linux64_1.5.0.202011040924/tools/bin/../lib/gcc/arm-none-eabi/9.3.1/thumb/v7-m/nofp/crtbegin.o
 *(.text*)
 .text._ZN3LedC2Ev
                0x0000000008000150       0x68 Core/LED/LED.o
                0x0000000008000150                Led::Led()
                0x0000000008000150                Led::Led()
 .text._ZN3Led6led_onEv
                0x00000000080001b8       0x20 Core/LED/LED.o
                0x00000000080001b8                Led::led_on()
 .text._ZN3Led7led_offEv
                0x00000000080001d8       0x20 Core/LED/LED.o
                0x00000000080001d8                Led::led_off()
 .text._ZN3BLEC2Ev
                0x00000000080001f8       0x18 Core/Src/main.o
                0x00000000080001f8                BLE::BLE()
                0x00000000080001f8                BLE::BLE()
 .text.main     0x0000000008000210       0xa0 Core/Src/main.o
                0x0000000008000210                main
 .text.HAL_UART_RxCpltCallback
                0x00000000080002b0       0x30 Core/Src/main.o
                0x00000000080002b0                HAL_UART_RxCpltCallback
 .text.HAL_MspInit
                0x00000000080002e0       0x70 Core/Src/stm32f1xx_hal_msp.o
                0x00000000080002e0                HAL_MspInit
 .text.HAL_UART_MspInit
                0x0000000008000350       0xa4 Core/Src/stm32f1xx_hal_msp.o
                0x0000000008000350                HAL_UART_MspInit
 .text.NMI_Handler
                0x00000000080003f4        0x6 Core/Src/stm32f1xx_it.o
                0x00000000080003f4                NMI_Handler
 .text.HardFault_Handler
                0x00000000080003fa        0x6 Core/Src/stm32f1xx_it.o
                0x00000000080003fa                HardFault_Handler
 .text.MemManage_Handler
                0x0000000008000400        0x6 Core/Src/stm32f1xx_it.o
                0x0000000008000400                MemManage_Handler
 .text.BusFault_Handler
                0x0000000008000406        0x6 Core/Src/stm32f1xx_it.o
                0x0000000008000406                BusFault_Handler
 .text.UsageFault_Handler
                0x000000000800040c        0x6 Core/Src/stm32f1xx_it.o
                0x000000000800040c                UsageFault_Handler
 .text.DebugMon_Handler
                0x0000000008000412        0xc Core/Src/stm32f1xx_it.o
                0x0000000008000412                DebugMon_Handler
 .text.SysTick_Handler
                0x000000000800041e       0x1a Core/Src/stm32f1xx_it.o
                0x000000000800041e                SysTick_Handler
 .text.USART2_IRQHandler
                0x0000000008000438       0x14 Core/Src/stm32f1xx_it.o
                0x0000000008000438                USART2_IRQHandler
 .text.SystemInit
                0x000000000800044c        0xc Core/Src/system_stm32f1xx.o
                0x000000000800044c                SystemInit
 .text.SystemCoreClockUpdate
                0x0000000008000458       0xe4 Core/Src/system_stm32f1xx.o
                0x0000000008000458                SystemCoreClockUpdate
 .text.Reset_Handler
                0x000000000800053c       0x48 Core/Startup/startup_stm32f103c8tx.o
                0x000000000800053c                Reset_Handler
 .text.Default_Handler
                0x0000000008000584        0x2 Core/Startup/startup_stm32f103c8tx.o
                0x0000000008000584                RTC_Alarm_IRQHandler
                0x0000000008000584                EXTI2_IRQHandler
                0x0000000008000584                TIM1_CC_IRQHandler
                0x0000000008000584                PVD_IRQHandler
                0x0000000008000584                EXTI3_IRQHandler
                0x0000000008000584                EXTI0_IRQHandler
                0x0000000008000584                I2C2_EV_IRQHandler
                0x0000000008000584                ADC1_2_IRQHandler
                0x0000000008000584                SPI1_IRQHandler
                0x0000000008000584                TAMPER_IRQHandler
                0x0000000008000584                DMA1_Channel4_IRQHandler
                0x0000000008000584                USART3_IRQHandler
                0x0000000008000584                RTC_IRQHandler
                0x0000000008000584                DMA1_Channel7_IRQHandler
                0x0000000008000584                CAN1_RX1_IRQHandler
                0x0000000008000584                TIM4_IRQHandler
                0x0000000008000584                I2C1_EV_IRQHandler
                0x0000000008000584                DMA1_Channel6_IRQHandler
                0x0000000008000584                TIM3_IRQHandler
                0x0000000008000584                RCC_IRQHandler
                0x0000000008000584                TIM1_TRG_COM_IRQHandler
                0x0000000008000584                DMA1_Channel1_IRQHandler
                0x0000000008000584                Default_Handler
                0x0000000008000584                EXTI15_10_IRQHandler
                0x0000000008000584                EXTI9_5_IRQHandler
                0x0000000008000584                SPI2_IRQHandler
                0x0000000008000584                DMA1_Channel5_IRQHandler
                0x0000000008000584                EXTI4_IRQHandler
                0x0000000008000584                USB_LP_CAN1_RX0_IRQHandler
                0x0000000008000584                USB_HP_CAN1_TX_IRQHandler
                0x0000000008000584                DMA1_Channel3_IRQHandler
                0x0000000008000584                TIM1_UP_IRQHandler
                0x0000000008000584                WWDG_IRQHandler
                0x0000000008000584                TIM2_IRQHandler
                0x0000000008000584                TIM1_BRK_IRQHandler
                0x0000000008000584                EXTI1_IRQHandler
                0x0000000008000584                I2C2_ER_IRQHandler
                0x0000000008000584                DMA1_Channel2_IRQHandler
                0x0000000008000584                CAN1_SCE_IRQHandler
                0x0000000008000584                FLASH_IRQHandler
                0x0000000008000584                USART1_IRQHandler
                0x0000000008000584                I2C1_ER_IRQHandler
                0x0000000008000584                USBWakeUp_IRQHandler
 *fill*         0x0000000008000586        0x2 
 .text._ZN4UartC2Ev
                0x0000000008000588       0x74 Core/UART/Uartcpp.o
                0x0000000008000588                Uart::Uart()
                0x0000000008000588                Uart::Uart()
 .text._ZN4Uart14getUartHandlerEv
                0x00000000080005fc       0x24 Core/UART/Uartcpp.o
                0x00000000080005fc                Uart::getUartHandler()
 .text._ZN4Uart8uartInitEv
                0x0000000008000620       0x28 Core/UART/Uartcpp.o
                0x0000000008000620                Uart::uartInit()
 .text._ZN4Uart18recieveByteAddressEv
                0x0000000008000648       0x14 Core/UART/Uartcpp.o
                0x0000000008000648                Uart::recieveByteAddress()
 .text._ZN4Uart14getRecieveByteEv
                0x000000000800065c       0x1c Core/UART/Uartcpp.o
                0x000000000800065c                Uart::getRecieveByte()
 .text.HAL_Init
                0x0000000008000678       0x2c Drivers/STM32F1xx_HAL_Driver/Src/stm32f1xx_hal.o
                0x0000000008000678                HAL_Init
 .text.HAL_InitTick
                0x00000000080006a4       0x60 Drivers/STM32F1xx_HAL_Driver/Src/stm32f1xx_hal.o
                0x00000000080006a4                HAL_InitTick
 .text.HAL_IncTick
                0x0000000008000704       0x24 Drivers/STM32F1xx_HAL_Driver/Src/stm32f1xx_hal.o
                0x0000000008000704                HAL_IncTick
 .text.HAL_GetTick
                0x0000000008000728       0x14 Drivers/STM32F1xx_HAL_Driver/Src/stm32f1xx_hal.o
                0x0000000008000728                HAL_GetTick
 .text.__NVIC_SetPriorityGrouping
                0x000000000800073c       0x48 Drivers/STM32F1xx_HAL_Driver/Src/stm32f1xx_hal_cortex.o
 .text.__NVIC_GetPriorityGrouping
                0x0000000008000784       0x1c Drivers/STM32F1xx_HAL_Driver/Src/stm32f1xx_hal_cortex.o
 .text.__NVIC_EnableIRQ
                0x00000000080007a0       0x38 Drivers/STM32F1xx_HAL_Driver/Src/stm32f1xx_hal_cortex.o
 .text.__NVIC_SetPriority
                0x00000000080007d8       0x54 Drivers/STM32F1xx_HAL_Driver/Src/stm32f1xx_hal_cortex.o
 .text.NVIC_EncodePriority
                0x000000000800082c       0x64 Drivers/STM32F1xx_HAL_Driver/Src/stm32f1xx_hal_cortex.o
 .text.SysTick_Config
                0x0000000008000890       0x44 Drivers/STM32F1xx_HAL_Driver/Src/stm32f1xx_hal_cortex.o
 .text.HAL_NVIC_SetPriorityGrouping
                0x00000000080008d4       0x16 Drivers/STM32F1xx_HAL_Driver/Src/stm32f1xx_hal_cortex.o
                0x00000000080008d4                HAL_NVIC_SetPriorityGrouping
 .text.HAL_NVIC_SetPriority
                0x00000000080008ea       0x38 Drivers/STM32F1xx_HAL_Driver/Src/stm32f1xx_hal_cortex.o
                0x00000000080008ea                HAL_NVIC_SetPriority
 .text.HAL_NVIC_EnableIRQ
                0x0000000008000922       0x1c Drivers/STM32F1xx_HAL_Driver/Src/stm32f1xx_hal_cortex.o
                0x0000000008000922                HAL_NVIC_EnableIRQ
 .text.HAL_SYSTICK_Config
                0x000000000800093e       0x18 Drivers/STM32F1xx_HAL_Driver/Src/stm32f1xx_hal_cortex.o
                0x000000000800093e                HAL_SYSTICK_Config
 .text.HAL_DMA_Abort
                0x0000000008000956       0x74 Drivers/STM32F1xx_HAL_Driver/Src/stm32f1xx_hal_dma.o
                0x0000000008000956                HAL_DMA_Abort
 *fill*         0x00000000080009ca        0x2 
 .text.HAL_DMA_Abort_IT
                0x00000000080009cc       0xec Drivers/STM32F1xx_HAL_Driver/Src/stm32f1xx_hal_dma.o
                0x00000000080009cc                HAL_DMA_Abort_IT
 .text.HAL_GPIO_Init
                0x0000000008000ab8      0x308 Drivers/STM32F1xx_HAL_Driver/Src/stm32f1xx_hal_gpio.o
                0x0000000008000ab8                HAL_GPIO_Init
 .text.HAL_GPIO_WritePin
                0x0000000008000dc0       0x30 Drivers/STM32F1xx_HAL_Driver/Src/stm32f1xx_hal_gpio.o
                0x0000000008000dc0                HAL_GPIO_WritePin
 .text.HAL_RCC_DeInit
                0x0000000008000df0      0x134 Drivers/STM32F1xx_HAL_Driver/Src/stm32f1xx_hal_rcc.o
                0x0000000008000df0                HAL_RCC_DeInit
 .text.HAL_RCC_GetHCLKFreq
                0x0000000008000f24       0x14 Drivers/STM32F1xx_HAL_Driver/Src/stm32f1xx_hal_rcc.o
                0x0000000008000f24                HAL_RCC_GetHCLKFreq
 .text.HAL_RCC_GetPCLK1Freq
                0x0000000008000f38       0x28 Drivers/STM32F1xx_HAL_Driver/Src/stm32f1xx_hal_rcc.o
                0x0000000008000f38                HAL_RCC_GetPCLK1Freq
 .text.HAL_RCC_GetPCLK2Freq
                0x0000000008000f60       0x28 Drivers/STM32F1xx_HAL_Driver/Src/stm32f1xx_hal_rcc.o
                0x0000000008000f60                HAL_RCC_GetPCLK2Freq
 .text.HAL_UART_Init
                0x0000000008000f88       0x9a Drivers/STM32F1xx_HAL_Driver/Src/stm32f1xx_hal_uart.o
                0x0000000008000f88                HAL_UART_Init
 .text.HAL_UART_Receive_IT
                0x0000000008001022       0x60 Drivers/STM32F1xx_HAL_Driver/Src/stm32f1xx_hal_uart.o
                0x0000000008001022                HAL_UART_Receive_IT
 *fill*         0x0000000008001082        0x2 
 .text.HAL_UART_IRQHandler
                0x0000000008001084      0x354 Drivers/STM32F1xx_HAL_Driver/Src/stm32f1xx_hal_uart.o
                0x0000000008001084                HAL_UART_IRQHandler
 .text.HAL_UART_TxCpltCallback
                0x00000000080013d8       0x12 Drivers/STM32F1xx_HAL_Driver/Src/stm32f1xx_hal_uart.o
                0x00000000080013d8                HAL_UART_TxCpltCallback
 .text.HAL_UART_ErrorCallback
                0x00000000080013ea       0x12 Drivers/STM32F1xx_HAL_Driver/Src/stm32f1xx_hal_uart.o
                0x00000000080013ea                HAL_UART_ErrorCallback
 .text.HAL_UARTEx_RxEventCallback
                0x00000000080013fc       0x16 Drivers/STM32F1xx_HAL_Driver/Src/stm32f1xx_hal_uart.o
                0x00000000080013fc                HAL_UARTEx_RxEventCallback
 .text.UART_Start_Receive_IT
                0x0000000008001412       0x72 Drivers/STM32F1xx_HAL_Driver/Src/stm32f1xx_hal_uart.o
                0x0000000008001412                UART_Start_Receive_IT
 .text.UART_EndRxTransfer
                0x0000000008001484       0x58 Drivers/STM32F1xx_HAL_Driver/Src/stm32f1xx_hal_uart.o
 .text.UART_DMAAbortOnError
                0x00000000080014dc       0x28 Drivers/STM32F1xx_HAL_Driver/Src/stm32f1xx_hal_uart.o
 .text.UART_Transmit_IT
                0x0000000008001504       0x9e Drivers/STM32F1xx_HAL_Driver/Src/stm32f1xx_hal_uart.o
 .text.UART_EndTransmit_IT
                0x00000000080015a2       0x30 Drivers/STM32F1xx_HAL_Driver/Src/stm32f1xx_hal_uart.o
 .text.UART_Receive_IT
                0x00000000080015d2      0x152 Drivers/STM32F1xx_HAL_Driver/Src/stm32f1xx_hal_uart.o
 .text.UART_SetConfig
                0x0000000008001724      0x11c Drivers/STM32F1xx_HAL_Driver/Src/stm32f1xx_hal_uart.o
 .text.vListInsertEnd
                0x0000000008001840       0x46 Middlewares/Third_Party/FreeRTOS/Source/list.o
                0x0000000008001840                vListInsertEnd
 .text.uxListRemove
                0x0000000008001886       0x52 Middlewares/Third_Party/FreeRTOS/Source/list.o
                0x0000000008001886                uxListRemove
 .text.xTaskIncrementTick
                0x00000000080018d8      0x17c Middlewares/Third_Party/FreeRTOS/Source/tasks.o
                0x00000000080018d8                xTaskIncrementTick
 .text.vTaskSwitchContext
                0x0000000008001a54       0xb8 Middlewares/Third_Party/FreeRTOS/Source/tasks.o
                0x0000000008001a54                vTaskSwitchContext
 .text.prvResetNextTaskUnblockTime
                0x0000000008001b0c       0x48 Middlewares/Third_Party/FreeRTOS/Source/tasks.o
 .text.xTaskGetSchedulerState
                0x0000000008001b54       0x3c Middlewares/Third_Party/FreeRTOS/Source/tasks.o
                0x0000000008001b54                xTaskGetSchedulerState
 .text.SVC_Handler
                0x0000000008001b90       0x28 Middlewares/Third_Party/FreeRTOS/Source/portable/GCC/ARM_CM3/port.o
                0x0000000008001b90                SVC_Handler
 *fill*         0x0000000008001bb8        0x8 
 .text.PendSV_Handler
                0x0000000008001bc0       0x48 Middlewares/Third_Party/FreeRTOS/Source/portable/GCC/ARM_CM3/port.o
                0x0000000008001bc0                PendSV_Handler
 .text.xPortSysTickHandler
                0x0000000008001c08       0x44 Middlewares/Third_Party/FreeRTOS/Source/portable/GCC/ARM_CM3/port.o
                0x0000000008001c08                xPortSysTickHandler
 .text.__libc_init_array
                0x0000000008001c4c       0x48 /opt/st/stm32cubeide_1.6.1/plugins/com.st.stm32cube.ide.mcu.externaltools.gnu-tools-for-stm32.9-2020-q2-update.linux64_1.5.0.202011040924/tools/bin/../lib/gcc/arm-none-eabi/9.3.1/../../../../arm-none-eabi/lib/thumb/v7-m/nofp/libc_nano.a(lib_a-init.o)
                0x0000000008001c4c                __libc_init_array
 .text.memcpy   0x0000000008001c94       0x1c /opt/st/stm32cubeide_1.6.1/plugins/com.st.stm32cube.ide.mcu.externaltools.gnu-tools-for-stm32.9-2020-q2-update.linux64_1.5.0.202011040924/tools/bin/../lib/gcc/arm-none-eabi/9.3.1/../../../../arm-none-eabi/lib/thumb/v7-m/nofp/libc_nano.a(lib_a-memcpy-stub.o)
                0x0000000008001c94                memcpy
 *(.glue_7)
 .glue_7        0x0000000008001cb0        0x0 linker stubs
 *(.glue_7t)
 .glue_7t       0x0000000008001cb0        0x0 linker stubs
 *(.eh_frame)
 .eh_frame      0x0000000008001cb0        0x0 /opt/st/stm32cubeide_1.6.1/plugins/com.st.stm32cube.ide.mcu.externaltools.gnu-tools-for-stm32.9-2020-q2-update.linux64_1.5.0.202011040924/tools/bin/../lib/gcc/arm-none-eabi/9.3.1/thumb/v7-m/nofp/crtbegin.o
 *(.init)
 .init          0x0000000008001cb0        0x4 /opt/st/stm32cubeide_1.6.1/plugins/com.st.stm32cube.ide.mcu.externaltools.gnu-tools-for-stm32.9-2020-q2-update.linux64_1.5.0.202011040924/tools/bin/../lib/gcc/arm-none-eabi/9.3.1/thumb/v7-m/nofp/crti.o
                0x0000000008001cb0                _init
 .init          0x0000000008001cb4        0x8 /opt/st/stm32cubeide_1.6.1/plugins/com.st.stm32cube.ide.mcu.externaltools.gnu-tools-for-stm32.9-2020-q2-update.linux64_1.5.0.202011040924/tools/bin/../lib/gcc/arm-none-eabi/9.3.1/thumb/v7-m/nofp/crtn.o
 *(.fini)
 .fini          0x0000000008001cbc        0x4 /opt/st/stm32cubeide_1.6.1/plugins/com.st.stm32cube.ide.mcu.externaltools.gnu-tools-for-stm32.9-2020-q2-update.linux64_1.5.0.202011040924/tools/bin/../lib/gcc/arm-none-eabi/9.3.1/thumb/v7-m/nofp/crti.o
                0x0000000008001cbc                _fini
 .fini          0x0000000008001cc0        0x8 /opt/st/stm32cubeide_1.6.1/plugins/com.st.stm32cube.ide.mcu.externaltools.gnu-tools-for-stm32.9-2020-q2-update.linux64_1.5.0.202011040924/tools/bin/../lib/gcc/arm-none-eabi/9.3.1/thumb/v7-m/nofp/crtn.o
                0x0000000008001cc8                . = ALIGN (0x4)
                0x0000000008001cc8                _etext = .

.vfp11_veneer   0x0000000008001cc8        0x0
 .vfp11_veneer  0x0000000008001cc8        0x0 linker stubs

.v4_bx          0x0000000008001cc8        0x0
 .v4_bx         0x0000000008001cc8        0x0 linker stubs

.iplt           0x0000000008001cc8        0x0
 .iplt          0x0000000008001cc8        0x0 /opt/st/stm32cubeide_1.6.1/plugins/com.st.stm32cube.ide.mcu.externaltools.gnu-tools-for-stm32.9-2020-q2-update.linux64_1.5.0.202011040924/tools/bin/../lib/gcc/arm-none-eabi/9.3.1/thumb/v7-m/nofp/crtbegin.o

.rodata         0x0000000008001cc8       0x18
                0x0000000008001cc8                . = ALIGN (0x4)
 *(.rodata)
 *(.rodata*)
 .rodata.AHBPrescTable
                0x0000000008001cc8       0x10 Core/Src/system_stm32f1xx.o
                0x0000000008001cc8                AHBPrescTable
 .rodata.APBPrescTable
                0x0000000008001cd8        0x8 Core/Src/system_stm32f1xx.o
                0x0000000008001cd8                APBPrescTable
                0x0000000008001ce0                . = ALIGN (0x4)

.rel.dyn        0x0000000008001ce0        0x0
 .rel.iplt      0x0000000008001ce0        0x0 /opt/st/stm32cubeide_1.6.1/plugins/com.st.stm32cube.ide.mcu.externaltools.gnu-tools-for-stm32.9-2020-q2-update.linux64_1.5.0.202011040924/tools/bin/../lib/gcc/arm-none-eabi/9.3.1/thumb/v7-m/nofp/crtbegin.o

.ARM.extab      0x0000000008001ce0        0x0
                0x0000000008001ce0                . = ALIGN (0x4)
 *(.ARM.extab* .gnu.linkonce.armextab.*)
                0x0000000008001ce0                . = ALIGN (0x4)

.ARM            0x0000000008001ce0        0x0
                0x0000000008001ce0                . = ALIGN (0x4)
                0x0000000008001ce0                __exidx_start = .
 *(.ARM.exidx*)
                0x0000000008001ce0                __exidx_end = .
                0x0000000008001ce0                . = ALIGN (0x4)

.preinit_array  0x0000000008001ce0        0x0
                0x0000000008001ce0                . = ALIGN (0x4)
                0x0000000008001ce0                PROVIDE (__preinit_array_start = .)
 *(.preinit_array*)
                0x0000000008001ce0                PROVIDE (__preinit_array_end = .)
                0x0000000008001ce0                . = ALIGN (0x4)

.init_array     0x0000000008001ce0        0x4
                0x0000000008001ce0                . = ALIGN (0x4)
                0x0000000008001ce0                PROVIDE (__init_array_start = .)
 *(SORT_BY_NAME(.init_array.*))
 *(.init_array*)
 .init_array    0x0000000008001ce0        0x4 /opt/st/stm32cubeide_1.6.1/plugins/com.st.stm32cube.ide.mcu.externaltools.gnu-tools-for-stm32.9-2020-q2-update.linux64_1.5.0.202011040924/tools/bin/../lib/gcc/arm-none-eabi/9.3.1/thumb/v7-m/nofp/crtbegin.o
                0x0000000008001ce4                PROVIDE (__init_array_end = .)
                0x0000000008001ce4                . = ALIGN (0x4)

.fini_array     0x0000000008001ce4        0x4
                0x0000000008001ce4                . = ALIGN (0x4)
                [!provide]                        PROVIDE (__fini_array_start = .)
 *(SORT_BY_NAME(.fini_array.*))
 *(.fini_array*)
 .fini_array    0x0000000008001ce4        0x4 /opt/st/stm32cubeide_1.6.1/plugins/com.st.stm32cube.ide.mcu.externaltools.gnu-tools-for-stm32.9-2020-q2-update.linux64_1.5.0.202011040924/tools/bin/../lib/gcc/arm-none-eabi/9.3.1/thumb/v7-m/nofp/crtbegin.o
                [!provide]                        PROVIDE (__fini_array_end = .)
                0x0000000008001ce8                . = ALIGN (0x4)
                0x0000000008001ce8                _sidata = LOADADDR (.data)

.data           0x0000000020000000        0xc load address 0x0000000008001ce8
                0x0000000020000000                . = ALIGN (0x4)
                0x0000000020000000                _sdata = .
 *(.data)
 *(.data*)
 .data.SystemCoreClock
                0x0000000020000000        0x4 Core/Src/system_stm32f1xx.o
                0x0000000020000000                SystemCoreClock
 .data.uwTickPrio
                0x0000000020000004        0x4 Drivers/STM32F1xx_HAL_Driver/Src/stm32f1xx_hal.o
                0x0000000020000004                uwTickPrio
 .data.uwTickFreq
                0x0000000020000008        0x1 Drivers/STM32F1xx_HAL_Driver/Src/stm32f1xx_hal.o
                0x0000000020000008                uwTickFreq
 *(.RamFunc)
 *(.RamFunc*)
                0x000000002000000c                . = ALIGN (0x4)
 *fill*         0x0000000020000009        0x3 
                0x000000002000000c                _edata = .

.igot.plt       0x000000002000000c        0x0 load address 0x0000000008001cf4
 .igot.plt      0x000000002000000c        0x0 /opt/st/stm32cubeide_1.6.1/plugins/com.st.stm32cube.ide.mcu.externaltools.gnu-tools-for-stm32.9-2020-q2-update.linux64_1.5.0.202011040924/tools/bin/../lib/gcc/arm-none-eabi/9.3.1/thumb/v7-m/nofp/crtbegin.o
                0x000000002000000c                . = ALIGN (0x4)

.bss            0x000000002000000c      0x538 load address 0x0000000008001cf4
                0x000000002000000c                _sbss = .
                0x000000002000000c                __bss_start__ = _sbss
 *(.bss)
 .bss           0x000000002000000c       0x1c /opt/st/stm32cubeide_1.6.1/plugins/com.st.stm32cube.ide.mcu.externaltools.gnu-tools-for-stm32.9-2020-q2-update.linux64_1.5.0.202011040924/tools/bin/../lib/gcc/arm-none-eabi/9.3.1/thumb/v7-m/nofp/crtbegin.o
 *(.bss*)
 .bss.huart2    0x0000000020000028       0x44 Core/Src/main.o
                0x0000000020000028                huart2
 .bss._ZN4Uart5huartE
                0x000000002000006c       0x44 Core/UART/Uartcpp.o
                0x000000002000006c                Uart::huart
 .bss._ZN4Uart11recieveByteE
                0x00000000200000b0        0x1 Core/UART/Uartcpp.o
                0x00000000200000b0                Uart::recieveByte
 *fill*         0x00000000200000b1        0x3 
 .bss.pxCurrentTCB
                0x00000000200000b4        0x4 Middlewares/Third_Party/FreeRTOS/Source/tasks.o
                0x00000000200000b4                pxCurrentTCB
 .bss.pxReadyTasksLists
                0x00000000200000b8      0x460 Middlewares/Third_Party/FreeRTOS/Source/tasks.o
 .bss.pxDelayedTaskList
                0x0000000020000518        0x4 Middlewares/Third_Party/FreeRTOS/Source/tasks.o
 .bss.pxOverflowDelayedTaskList
                0x000000002000051c        0x4 Middlewares/Third_Party/FreeRTOS/Source/tasks.o
 .bss.xTickCount
                0x0000000020000520        0x4 Middlewares/Third_Party/FreeRTOS/Source/tasks.o
 .bss.uxTopReadyPriority
                0x0000000020000524        0x4 Middlewares/Third_Party/FreeRTOS/Source/tasks.o
 .bss.xSchedulerRunning
                0x0000000020000528        0x4 Middlewares/Third_Party/FreeRTOS/Source/tasks.o
 .bss.uxPendedTicks
                0x000000002000052c        0x4 Middlewares/Third_Party/FreeRTOS/Source/tasks.o
 .bss.xYieldPending
                0x0000000020000530        0x4 Middlewares/Third_Party/FreeRTOS/Source/tasks.o
 .bss.xNumOfOverflows
                0x0000000020000534        0x4 Middlewares/Third_Party/FreeRTOS/Source/tasks.o
 .bss.xNextTaskUnblockTime
                0x0000000020000538        0x4 Middlewares/Third_Party/FreeRTOS/Source/tasks.o
 .bss.uxSchedulerSuspended
                0x000000002000053c        0x4 Middlewares/Third_Party/FreeRTOS/Source/tasks.o
 *(COMMON)
 COMMON         0x0000000020000540        0x4 Drivers/STM32F1xx_HAL_Driver/Src/stm32f1xx_hal.o
                0x0000000020000540                uwTick
                0x0000000020000544                . = ALIGN (0x4)
                0x0000000020000544                _ebss = .
                0x0000000020000544                __bss_end__ = _ebss

._user_heap_stack
                0x0000000020000544      0x604 load address 0x0000000008001cf4
                0x0000000020000548                . = ALIGN (0x8)
 *fill*         0x0000000020000544        0x4 
                [!provide]                        PROVIDE (end = .)
                0x0000000020000548                PROVIDE (_end = .)
                0x0000000020000748                . = (. + _Min_Heap_Size)
 *fill*         0x0000000020000548      0x200 
                0x0000000020000b48                . = (. + _Min_Stack_Size)
 *fill*         0x0000000020000748      0x400 
                0x0000000020000b48                . = ALIGN (0x8)

/DISCARD/
 libc.a(*)
 libm.a(*)
 libgcc.a(*)

.ARM.attributes
                0x0000000000000000       0x29
 *(.ARM.attributes)
 .ARM.attributes
                0x0000000000000000       0x1d /opt/st/stm32cubeide_1.6.1/plugins/com.st.stm32cube.ide.mcu.externaltools.gnu-tools-for-stm32.9-2020-q2-update.linux64_1.5.0.202011040924/tools/bin/../lib/gcc/arm-none-eabi/9.3.1/thumb/v7-m/nofp/crti.o
 .ARM.attributes
                0x000000000000001d       0x2d /opt/st/stm32cubeide_1.6.1/plugins/com.st.stm32cube.ide.mcu.externaltools.gnu-tools-for-stm32.9-2020-q2-update.linux64_1.5.0.202011040924/tools/bin/../lib/gcc/arm-none-eabi/9.3.1/thumb/v7-m/nofp/crtbegin.o
 .ARM.attributes
                0x000000000000004a       0x2d Core/LED/LED.o
 .ARM.attributes
                0x0000000000000077       0x2d Core/Src/main.o
 .ARM.attributes
                0x00000000000000a4       0x2d Core/Src/stm32f1xx_hal_msp.o
 .ARM.attributes
                0x00000000000000d1       0x2d Core/Src/stm32f1xx_it.o
 .ARM.attributes
                0x00000000000000fe       0x2d Core/Src/system_stm32f1xx.o
 .ARM.attributes
                0x000000000000012b       0x21 Core/Startup/startup_stm32f103c8tx.o
 .ARM.attributes
                0x000000000000014c       0x2d Core/UART/Uartcpp.o
 .ARM.attributes
                0x0000000000000179       0x2d Drivers/STM32F1xx_HAL_Driver/Src/stm32f1xx_hal.o
 .ARM.attributes
                0x00000000000001a6       0x2d Drivers/STM32F1xx_HAL_Driver/Src/stm32f1xx_hal_cortex.o
 .ARM.attributes
                0x00000000000001d3       0x2d Drivers/STM32F1xx_HAL_Driver/Src/stm32f1xx_hal_dma.o
 .ARM.attributes
                0x0000000000000200       0x2d Drivers/STM32F1xx_HAL_Driver/Src/stm32f1xx_hal_gpio.o
 .ARM.attributes
                0x000000000000022d       0x2d Drivers/STM32F1xx_HAL_Driver/Src/stm32f1xx_hal_rcc.o
 .ARM.attributes
                0x000000000000025a       0x2d Drivers/STM32F1xx_HAL_Driver/Src/stm32f1xx_hal_uart.o
 .ARM.attributes
                0x0000000000000287       0x2d Middlewares/Third_Party/FreeRTOS/Source/list.o
 .ARM.attributes
                0x00000000000002b4       0x2d Middlewares/Third_Party/FreeRTOS/Source/tasks.o
 .ARM.attributes
                0x00000000000002e1       0x2d Middlewares/Third_Party/FreeRTOS/Source/portable/GCC/ARM_CM3/port.o
 .ARM.attributes
                0x000000000000030e       0x2d /opt/st/stm32cubeide_1.6.1/plugins/com.st.stm32cube.ide.mcu.externaltools.gnu-tools-for-stm32.9-2020-q2-update.linux64_1.5.0.202011040924/tools/bin/../lib/gcc/arm-none-eabi/9.3.1/../../../../arm-none-eabi/lib/thumb/v7-m/nofp/libc_nano.a(lib_a-init.o)
 .ARM.attributes
                0x000000000000033b       0x2d /opt/st/stm32cubeide_1.6.1/plugins/com.st.stm32cube.ide.mcu.externaltools.gnu-tools-for-stm32.9-2020-q2-update.linux64_1.5.0.202011040924/tools/bin/../lib/gcc/arm-none-eabi/9.3.1/../../../../arm-none-eabi/lib/thumb/v7-m/nofp/libc_nano.a(lib_a-memcpy-stub.o)
 .ARM.attributes
                0x0000000000000368       0x1d /opt/st/stm32cubeide_1.6.1/plugins/com.st.stm32cube.ide.mcu.externaltools.gnu-tools-for-stm32.9-2020-q2-update.linux64_1.5.0.202011040924/tools/bin/../lib/gcc/arm-none-eabi/9.3.1/thumb/v7-m/nofp/crtn.o
OUTPUT(BLE.elf elf32-littlearm)
LOAD linker stubs
LOAD /opt/st/stm32cubeide_1.6.1/plugins/com.st.stm32cube.ide.mcu.externaltools.gnu-tools-for-stm32.9-2020-q2-update.linux64_1.5.0.202011040924/tools/bin/../lib/gcc/arm-none-eabi/9.3.1/../../../../arm-none-eabi/lib/thumb/v7-m/nofp/libc.a
LOAD /opt/st/stm32cubeide_1.6.1/plugins/com.st.stm32cube.ide.mcu.externaltools.gnu-tools-for-stm32.9-2020-q2-update.linux64_1.5.0.202011040924/tools/bin/../lib/gcc/arm-none-eabi/9.3.1/../../../../arm-none-eabi/lib/thumb/v7-m/nofp/libm.a
LOAD /opt/st/stm32cubeide_1.6.1/plugins/com.st.stm32cube.ide.mcu.externaltools.gnu-tools-for-stm32.9-2020-q2-update.linux64_1.5.0.202011040924/tools/bin/../lib/gcc/arm-none-eabi/9.3.1/thumb/v7-m/nofp/libgcc.a

.debug_info     0x0000000000000000     0xa50a
 .debug_info    0x0000000000000000      0x3ed Core/LED/LED.o
 .debug_info    0x00000000000003ed      0x884 Core/Src/main.o
 .debug_info    0x0000000000000c71      0xa1e Core/Src/stm32f1xx_hal_msp.o
 .debug_info    0x000000000000168f      0x6af Core/Src/stm32f1xx_it.o
 .debug_info    0x0000000000001d3e      0x2be Core/Src/system_stm32f1xx.o
 .debug_info    0x0000000000001ffc       0x22 Core/Startup/startup_stm32f103c8tx.o
 .debug_info    0x000000000000201e      0xa14 Core/UART/Uartcpp.o
 .debug_info    0x0000000000002a32      0x76a Drivers/STM32F1xx_HAL_Driver/Src/stm32f1xx_hal.o
 .debug_info    0x000000000000319c      0xbdc Drivers/STM32F1xx_HAL_Driver/Src/stm32f1xx_hal_cortex.o
 .debug_info    0x0000000000003d78      0x81e Drivers/STM32F1xx_HAL_Driver/Src/stm32f1xx_hal_dma.o
 .debug_info    0x0000000000004596      0x701 Drivers/STM32F1xx_HAL_Driver/Src/stm32f1xx_hal_gpio.o
 .debug_info    0x0000000000004c97      0x88e Drivers/STM32F1xx_HAL_Driver/Src/stm32f1xx_hal_rcc.o
 .debug_info    0x0000000000005525     0x161a Drivers/STM32F1xx_HAL_Driver/Src/stm32f1xx_hal_uart.o
 .debug_info    0x0000000000006b3f      0xb7c Middlewares/Third_Party/FreeRTOS/Source/list.o
 .debug_info    0x00000000000076bb     0x29ae Middlewares/Third_Party/FreeRTOS/Source/tasks.o
 .debug_info    0x000000000000a069      0x4a1 Middlewares/Third_Party/FreeRTOS/Source/portable/GCC/ARM_CM3/port.o

.debug_abbrev   0x0000000000000000     0x2226
 .debug_abbrev  0x0000000000000000      0x22b Core/LED/LED.o
 .debug_abbrev  0x000000000000022b      0x2d4 Core/Src/main.o
 .debug_abbrev  0x00000000000004ff      0x1b5 Core/Src/stm32f1xx_hal_msp.o
 .debug_abbrev  0x00000000000006b4      0x163 Core/Src/stm32f1xx_it.o
 .debug_abbrev  0x0000000000000817      0x14e Core/Src/system_stm32f1xx.o
 .debug_abbrev  0x0000000000000965       0x12 Core/Startup/startup_stm32f103c8tx.o
 .debug_abbrev  0x0000000000000977      0x2e1 Core/UART/Uartcpp.o
 .debug_abbrev  0x0000000000000c58      0x1ed Drivers/STM32F1xx_HAL_Driver/Src/stm32f1xx_hal.o
 .debug_abbrev  0x0000000000000e45      0x313 Drivers/STM32F1xx_HAL_Driver/Src/stm32f1xx_hal_cortex.o
 .debug_abbrev  0x0000000000001158      0x228 Drivers/STM32F1xx_HAL_Driver/Src/stm32f1xx_hal_dma.o
 .debug_abbrev  0x0000000000001380      0x1e8 Drivers/STM32F1xx_HAL_Driver/Src/stm32f1xx_hal_gpio.o
 .debug_abbrev  0x0000000000001568      0x273 Drivers/STM32F1xx_HAL_Driver/Src/stm32f1xx_hal_rcc.o
 .debug_abbrev  0x00000000000017db      0x28b Drivers/STM32F1xx_HAL_Driver/Src/stm32f1xx_hal_uart.o
 .debug_abbrev  0x0000000000001a66      0x1f7 Middlewares/Third_Party/FreeRTOS/Source/list.o
 .debug_abbrev  0x0000000000001c5d      0x39a Middlewares/Third_Party/FreeRTOS/Source/tasks.o
 .debug_abbrev  0x0000000000001ff7      0x22f Middlewares/Third_Party/FreeRTOS/Source/portable/GCC/ARM_CM3/port.o

.debug_aranges  0x0000000000000000      0x980
 .debug_aranges
                0x0000000000000000       0x30 Core/LED/LED.o
 .debug_aranges
                0x0000000000000030       0x30 Core/Src/main.o
 .debug_aranges
                0x0000000000000060       0x30 Core/Src/stm32f1xx_hal_msp.o
 .debug_aranges
                0x0000000000000090       0x58 Core/Src/stm32f1xx_it.o
 .debug_aranges
                0x00000000000000e8       0x28 Core/Src/system_stm32f1xx.o
 .debug_aranges
                0x0000000000000110       0x28 Core/Startup/startup_stm32f103c8tx.o
 .debug_aranges
                0x0000000000000138       0x50 Core/UART/Uartcpp.o
 .debug_aranges
                0x0000000000000188       0xe0 Drivers/STM32F1xx_HAL_Driver/Src/stm32f1xx_hal.o
 .debug_aranges
                0x0000000000000268      0x100 Drivers/STM32F1xx_HAL_Driver/Src/stm32f1xx_hal_cortex.o
 .debug_aranges
                0x0000000000000368       0x80 Drivers/STM32F1xx_HAL_Driver/Src/stm32f1xx_hal_dma.o
 .debug_aranges
                0x00000000000003e8       0x58 Drivers/STM32F1xx_HAL_Driver/Src/stm32f1xx_hal_gpio.o
 .debug_aranges
                0x0000000000000440       0x90 Drivers/STM32F1xx_HAL_Driver/Src/stm32f1xx_hal_rcc.o
 .debug_aranges
                0x00000000000004d0      0x200 Drivers/STM32F1xx_HAL_Driver/Src/stm32f1xx_hal_uart.o
 .debug_aranges
                0x00000000000006d0       0x40 Middlewares/Third_Party/FreeRTOS/Source/list.o
 .debug_aranges
                0x0000000000000710      0x1f8 Middlewares/Third_Party/FreeRTOS/Source/tasks.o
 .debug_aranges
                0x0000000000000908       0x78 Middlewares/Third_Party/FreeRTOS/Source/portable/GCC/ARM_CM3/port.o

.debug_ranges   0x0000000000000000      0x8b8
 .debug_ranges  0x0000000000000000       0x20 Core/LED/LED.o
 .debug_ranges  0x0000000000000020       0x20 Core/Src/main.o
 .debug_ranges  0x0000000000000040       0x20 Core/Src/stm32f1xx_hal_msp.o
 .debug_ranges  0x0000000000000060       0x48 Core/Src/stm32f1xx_it.o
 .debug_ranges  0x00000000000000a8       0x18 Core/Src/system_stm32f1xx.o
 .debug_ranges  0x00000000000000c0       0x20 Core/Startup/startup_stm32f103c8tx.o
 .debug_ranges  0x00000000000000e0       0x40 Core/UART/Uartcpp.o
 .debug_ranges  0x0000000000000120       0xd0 Drivers/STM32F1xx_HAL_Driver/Src/stm32f1xx_hal.o
 .debug_ranges  0x00000000000001f0       0xf0 Drivers/STM32F1xx_HAL_Driver/Src/stm32f1xx_hal_cortex.o
 .debug_ranges  0x00000000000002e0       0x70 Drivers/STM32F1xx_HAL_Driver/Src/stm32f1xx_hal_dma.o
 .debug_ranges  0x0000000000000350       0x48 Drivers/STM32F1xx_HAL_Driver/Src/stm32f1xx_hal_gpio.o
 .debug_ranges  0x0000000000000398       0x80 Drivers/STM32F1xx_HAL_Driver/Src/stm32f1xx_hal_rcc.o
 .debug_ranges  0x0000000000000418      0x220 Drivers/STM32F1xx_HAL_Driver/Src/stm32f1xx_hal_uart.o
 .debug_ranges  0x0000000000000638       0x30 Middlewares/Third_Party/FreeRTOS/Source/list.o
 .debug_ranges  0x0000000000000668      0x1e8 Middlewares/Third_Party/FreeRTOS/Source/tasks.o
 .debug_ranges  0x0000000000000850       0x68 Middlewares/Third_Party/FreeRTOS/Source/portable/GCC/ARM_CM3/port.o

.debug_macro    0x0000000000000000     0x1cf0
 .debug_macro   0x0000000000000000      0x19d Core/LED/LED.o
 .debug_macro   0x000000000000019d      0x22e Core/Src/main.o
 .debug_macro   0x00000000000003cb       0x5b Core/Src/main.o
 .debug_macro   0x0000000000000426       0x74 Core/Src/main.o
 .debug_macro   0x000000000000049a      0x11c Core/Src/main.o
 .debug_macro   0x00000000000005b6       0xdd Core/Src/main.o
 .debug_macro   0x0000000000000693      0x198 Core/Src/stm32f1xx_hal_msp.o
 .debug_macro   0x000000000000082b      0x20a Core/Src/stm32f1xx_it.o
 .debug_macro   0x0000000000000a35      0x18e Core/Src/system_stm32f1xx.o
 .debug_macro   0x0000000000000bc3      0x1a7 Core/UART/Uartcpp.o
 .debug_macro   0x0000000000000d6a      0x1b2 Drivers/STM32F1xx_HAL_Driver/Src/stm32f1xx_hal.o
 .debug_macro   0x0000000000000f1c      0x18e Drivers/STM32F1xx_HAL_Driver/Src/stm32f1xx_hal_cortex.o
 .debug_macro   0x00000000000010aa      0x18e Drivers/STM32F1xx_HAL_Driver/Src/stm32f1xx_hal_dma.o
 .debug_macro   0x0000000000001238      0x1f9 Drivers/STM32F1xx_HAL_Driver/Src/stm32f1xx_hal_gpio.o
 .debug_macro   0x0000000000001431      0x1a0 Drivers/STM32F1xx_HAL_Driver/Src/stm32f1xx_hal_rcc.o
 .debug_macro   0x00000000000015d1      0x18f Drivers/STM32F1xx_HAL_Driver/Src/stm32f1xx_hal_uart.o
 .debug_macro   0x0000000000001760      0x187 Middlewares/Third_Party/FreeRTOS/Source/list.o
 .debug_macro   0x00000000000018e7      0x287 Middlewares/Third_Party/FreeRTOS/Source/tasks.o
 .debug_macro   0x0000000000001b6e       0x10 Middlewares/Third_Party/FreeRTOS/Source/tasks.o
 .debug_macro   0x0000000000001b7e      0x172 Middlewares/Third_Party/FreeRTOS/Source/portable/GCC/ARM_CM3/port.o

.debug_line     0x0000000000000000     0xa71f
 .debug_line    0x0000000000000000      0x65a Core/LED/LED.o
 .debug_line    0x000000000000065a      0x882 Core/Src/main.o
 .debug_line    0x0000000000000edc      0x680 Core/Src/stm32f1xx_hal_msp.o
 .debug_line    0x000000000000155c      0x7e7 Core/Src/stm32f1xx_it.o
 .debug_line    0x0000000000001d43      0x6a6 Core/Src/system_stm32f1xx.o
 .debug_line    0x00000000000023e9       0x87 Core/Startup/startup_stm32f103c8tx.o
 .debug_line    0x0000000000002470      0x6f7 Core/UART/Uartcpp.o
 .debug_line    0x0000000000002b67      0x8d3 Drivers/STM32F1xx_HAL_Driver/Src/stm32f1xx_hal.o
 .debug_line    0x000000000000343a      0xabb Drivers/STM32F1xx_HAL_Driver/Src/stm32f1xx_hal_cortex.o
 .debug_line    0x0000000000003ef5      0xd2b Drivers/STM32F1xx_HAL_Driver/Src/stm32f1xx_hal_dma.o
 .debug_line    0x0000000000004c20      0x96a Drivers/STM32F1xx_HAL_Driver/Src/stm32f1xx_hal_gpio.o
 .debug_line    0x000000000000558a      0xce1 Drivers/STM32F1xx_HAL_Driver/Src/stm32f1xx_hal_rcc.o
 .debug_line    0x000000000000626b     0x19ae Drivers/STM32F1xx_HAL_Driver/Src/stm32f1xx_hal_uart.o
 .debug_line    0x0000000000007c19      0x6dd Middlewares/Third_Party/FreeRTOS/Source/list.o
 .debug_line    0x00000000000082f6     0x1cf8 Middlewares/Third_Party/FreeRTOS/Source/tasks.o
 .debug_line    0x0000000000009fee      0x731 Middlewares/Third_Party/FreeRTOS/Source/portable/GCC/ARM_CM3/port.o

.debug_str      0x0000000000000000    0x886a1
 .debug_str     0x0000000000000000    0x7c98b Core/LED/LED.o
                                      0x7cd23 (size before relaxing)
 .debug_str     0x000000000007c98b     0x3bd4 Core/Src/main.o
                                      0x80902 (size before relaxing)
 .debug_str     0x000000000008055f      0x4b6 Core/Src/stm32f1xx_hal_msp.o
                                      0x7cf20 (size before relaxing)
 .debug_str     0x0000000000080a15      0xdf2 Core/Src/stm32f1xx_it.o
                                      0x804d9 (size before relaxing)
 .debug_str     0x0000000000081807       0x52 Core/Src/system_stm32f1xx.o
                                      0x7c80b (size before relaxing)
 .debug_str     0x0000000000081859       0x36 Core/Startup/startup_stm32f103c8tx.o
                                         0x67 (size before relaxing)
 .debug_str     0x000000000008188f       0xd9 Core/UART/Uartcpp.o
                                      0x7d301 (size before relaxing)
 .debug_str     0x0000000000081968      0x2f2 Drivers/STM32F1xx_HAL_Driver/Src/stm32f1xx_hal.o
                                      0x7ce9c (size before relaxing)
 .debug_str     0x0000000000081c5a      0x300 Drivers/STM32F1xx_HAL_Driver/Src/stm32f1xx_hal_cortex.o
                                      0x7cea4 (size before relaxing)
 .debug_str     0x0000000000081f5a      0x23a Drivers/STM32F1xx_HAL_Driver/Src/stm32f1xx_hal_dma.o
                                      0x7cbe6 (size before relaxing)
 .debug_str     0x0000000000082194      0x311 Drivers/STM32F1xx_HAL_Driver/Src/stm32f1xx_hal_gpio.o
                                      0x7cbcf (size before relaxing)
 .debug_str     0x00000000000824a5      0x354 Drivers/STM32F1xx_HAL_Driver/Src/stm32f1xx_hal_rcc.o
                                      0x7cc08 (size before relaxing)
 .debug_str     0x00000000000827f9      0x5e1 Drivers/STM32F1xx_HAL_Driver/Src/stm32f1xx_hal_uart.o
                                      0x7d1fa (size before relaxing)
 .debug_str     0x0000000000082dda     0x336e Middlewares/Third_Party/FreeRTOS/Source/list.o
                                       0xa6e5 (size before relaxing)
 .debug_str     0x0000000000086148     0x1e57 Middlewares/Third_Party/FreeRTOS/Source/tasks.o
                                       0xcb25 (size before relaxing)
 .debug_str     0x0000000000087f9f      0x702 Middlewares/Third_Party/FreeRTOS/Source/portable/GCC/ARM_CM3/port.o
                                       0x8043 (size before relaxing)

.comment        0x0000000000000000       0x53
 .comment       0x0000000000000000       0x53 Core/LED/LED.o
                                         0x54 (size before relaxing)
 .comment       0x0000000000000053       0x54 Core/Src/main.o
 .comment       0x0000000000000053       0x54 Core/Src/stm32f1xx_hal_msp.o
 .comment       0x0000000000000053       0x54 Core/Src/stm32f1xx_it.o
 .comment       0x0000000000000053       0x54 Core/Src/system_stm32f1xx.o
 .comment       0x0000000000000053       0x54 Core/UART/Uartcpp.o
 .comment       0x0000000000000053       0x54 Drivers/STM32F1xx_HAL_Driver/Src/stm32f1xx_hal.o
 .comment       0x0000000000000053       0x54 Drivers/STM32F1xx_HAL_Driver/Src/stm32f1xx_hal_cortex.o
 .comment       0x0000000000000053       0x54 Drivers/STM32F1xx_HAL_Driver/Src/stm32f1xx_hal_dma.o
 .comment       0x0000000000000053       0x54 Drivers/STM32F1xx_HAL_Driver/Src/stm32f1xx_hal_gpio.o
 .comment       0x0000000000000053       0x54 Drivers/STM32F1xx_HAL_Driver/Src/stm32f1xx_hal_rcc.o
 .comment       0x0000000000000053       0x54 Drivers/STM32F1xx_HAL_Driver/Src/stm32f1xx_hal_uart.o
 .comment       0x0000000000000053       0x54 Middlewares/Third_Party/FreeRTOS/Source/list.o
 .comment       0x0000000000000053       0x54 Middlewares/Third_Party/FreeRTOS/Source/tasks.o
 .comment       0x0000000000000053       0x54 Middlewares/Third_Party/FreeRTOS/Source/portable/GCC/ARM_CM3/port.o

.debug_frame    0x0000000000000000     0x2500
 .debug_frame   0x0000000000000000       0x7c Core/LED/LED.o
 .debug_frame   0x000000000000007c       0x78 Core/Src/main.o
 .debug_frame   0x00000000000000f4       0x7c Core/Src/stm32f1xx_hal_msp.o
 .debug_frame   0x0000000000000170       0xe0 Core/Src/stm32f1xx_it.o
 .debug_frame   0x0000000000000250       0x58 Core/Src/system_stm32f1xx.o
 .debug_frame   0x00000000000002a8      0x10c Core/UART/Uartcpp.o
 .debug_frame   0x00000000000003b4      0x334 Drivers/STM32F1xx_HAL_Driver/Src/stm32f1xx_hal.o
 .debug_frame   0x00000000000006e8      0x428 Drivers/STM32F1xx_HAL_Driver/Src/stm32f1xx_hal_cortex.o
 .debug_frame   0x0000000000000b10      0x208 Drivers/STM32F1xx_HAL_Driver/Src/stm32f1xx_hal_dma.o
 .debug_frame   0x0000000000000d18      0x14c Drivers/STM32F1xx_HAL_Driver/Src/stm32f1xx_hal_gpio.o
 .debug_frame   0x0000000000000e64      0x21c Drivers/STM32F1xx_HAL_Driver/Src/stm32f1xx_hal_rcc.o
 .debug_frame   0x0000000000001080      0x914 Drivers/STM32F1xx_HAL_Driver/Src/stm32f1xx_hal_uart.o
 .debug_frame   0x0000000000001994       0xd8 Middlewares/Third_Party/FreeRTOS/Source/list.o
 .debug_frame   0x0000000000001a6c      0x8a8 Middlewares/Third_Party/FreeRTOS/Source/tasks.o
 .debug_frame   0x0000000000002314      0x198 Middlewares/Third_Party/FreeRTOS/Source/portable/GCC/ARM_CM3/port.o
 .debug_frame   0x00000000000024ac       0x2c /opt/st/stm32cubeide_1.6.1/plugins/com.st.stm32cube.ide.mcu.externaltools.gnu-tools-for-stm32.9-2020-q2-update.linux64_1.5.0.202011040924/tools/bin/../lib/gcc/arm-none-eabi/9.3.1/../../../../arm-none-eabi/lib/thumb/v7-m/nofp/libc_nano.a(lib_a-init.o)
 .debug_frame   0x00000000000024d8       0x28 /opt/st/stm32cubeide_1.6.1/plugins/com.st.stm32cube.ide.mcu.externaltools.gnu-tools-for-stm32.9-2020-q2-update.linux64_1.5.0.202011040924/tools/bin/../lib/gcc/arm-none-eabi/9.3.1/../../../../arm-none-eabi/lib/thumb/v7-m/nofp/libc_nano.a(lib_a-memcpy-stub.o)
